../Core/Src/main.c:66:6:vLEDBlinkingTask	24	static
../Core/Src/main.c:77:6:vUARTSendingTask	24	static
../Core/Src/main.c:97:5:main	88	static
../Core/Src/main.c:189:6:SystemClock_Config	88	static
../Core/Src/main.c:236:13:MX_USART2_UART_Init	8	static
../Core/Src/main.c:269:13:MX_GPIO_Init	40	static
../Core/Src/main.c:304:6:StartDefaultTask	16	static
../Core/Src/main.c:322:6:StartTask02	16	static
../Core/Src/main.c:341:6:HAL_TIM_PeriodElapsedCallback	16	static
../Core/Src/main.c:358:6:Error_Handler	4	static,ignoring_inline_asm
