../Core/Src/main.c:67:6:vQueueSenderTask	24	static
../Core/Src/main.c:83:6:vQueueReceiverTask	40	static
../Core/Src/main.c:103:5:main	56	static
../Core/Src/main.c:187:6:SystemClock_Config	88	static
../Core/Src/main.c:233:13:MX_ADC1_Init	24	static
../Core/Src/main.c:285:13:MX_USART2_UART_Init	8	static
../Core/Src/main.c:318:13:MX_GPIO_Init	16	static
../Core/Src/main.c:341:6:StartDefaultTask	16	static
../Core/Src/main.c:360:6:HAL_TIM_PeriodElapsedCallback	16	static
../Core/Src/main.c:377:6:Error_Handler	4	static,ignoring_inline_asm
